../Core/Src/main.c:92:6:HAL_GPIO_EXTI_Callback	16	static
../Core/Src/main.c:108:5:main	8	static
../Core/Src/main.c:158:6:SystemClock_Config	88	static
../Core/Src/main.c:205:13:MX_TIM1_Init	96	static
../Core/Src/main.c:280:13:MX_TIM2_Init	32	static
../Core/Src/main.c:325:13:MX_USART2_UART_Init	8	static
../Core/Src/main.c:358:13:MX_GPIO_Init	48	static
../Core/Src/main.c:401:6:playnote	104	static
../Core/Src/main.c:473:6:playsong	16	static
../Core/Src/main.c:490:6:Error_Handler	4	static,ignoring_inline_asm
