../Core/Src/main.c:72:6:HAL_I2C_MasterRxCpltCallback	200	static
../Core/Src/main.c:84:6:HAL_TIM_PeriodElapsedCallback	32	static
../Core/Src/main.c:99:5:main	32	static
../Core/Src/main.c:166:6:SystemClock_Config	88	static
../Core/Src/main.c:210:13:MX_I2C1_Init	8	static
../Core/Src/main.c:242:13:MX_TIM2_Init	32	static
../Core/Src/main.c:284:13:MX_USART2_UART_Init	8	static
../Core/Src/main.c:313:13:MX_DMA_Init	16	static
../Core/Src/main.c:333:13:MX_GPIO_Init	48	static
../Core/Src/main.c:372:6:Error_Handler	4	static,ignoring_inline_asm
