../Core/Src/main.c:197:6:HAL_UART_RxCpltCallback	16	static
../Core/Src/main.c:208:6:HAL_TIM_PeriodElapsedCallback	24	static
../Core/Src/main.c:221:6:HAL_SPI_TxCpltCallback	16	static
../Core/Src/main.c:231:5:main	8	static
../Core/Src/main.c:283:6:SystemClock_Config	88	static
../Core/Src/main.c:330:13:MX_SPI1_Init	8	static
../Core/Src/main.c:368:13:MX_TIM10_Init	8	static
../Core/Src/main.c:399:13:MX_TIM11_Init	8	static
../Core/Src/main.c:430:13:MX_USART1_UART_Init	8	static
../Core/Src/main.c:463:13:MX_USART2_UART_Init	8	static
../Core/Src/main.c:494:13:MX_DMA_Init	16	static
../Core/Src/main.c:512:13:MX_GPIO_Init	48	static
../Core/Src/main.c:545:6:init_queue	16	static
../Core/Src/main.c:550:5:isFull	16	static
../Core/Src/main.c:554:5:isEmpty	16	static
../Core/Src/main.c:558:5:enqueue	16	static
../Core/Src/main.c:567:9:dequeue	24	static
../Core/Src/main.c:577:10:front	16	static
../Core/Src/main.c:582:9:char_to_ind	16	static
../Core/Src/main.c:598:6:Error_Handler	4	static,ignoring_inline_asm
