../Core/Src/main.c:107:6:HAL_TIM_PeriodElapsedCallback	40	static
../Core/Src/main.c:226:5:main	16	static
../Core/Src/main.c:294:6:SystemClock_Config	88	static
../Core/Src/main.c:341:13:MX_I2C1_Init	8	static
../Core/Src/main.c:375:13:MX_TIM1_Init	32	static
../Core/Src/main.c:421:13:MX_TIM2_Init	64	static
../Core/Src/main.c:480:13:MX_TIM3_Init	32	static
../Core/Src/main.c:525:13:MX_TIM4_Init	32	static
../Core/Src/main.c:570:13:MX_USART2_UART_Init	8	static
../Core/Src/main.c:603:13:MX_GPIO_Init	48	static
../Core/Src/main.c:646:6:init_queue	16	static
../Core/Src/main.c:651:5:isFull	16	static
../Core/Src/main.c:655:5:isEmpty	16	static
../Core/Src/main.c:659:5:enqueue	16	static
../Core/Src/main.c:668:9:dequeue	24	static
../Core/Src/main.c:678:10:front	16	static
../Core/Src/main.c:684:6:transmit	16	static
../Core/Src/main.c:697:6:Error_Handler	4	static,ignoring_inline_asm
