../Core/Src/main.c:56:6:HAL_ADC_ConvHalfCpltCallback	24	static
../Core/Src/main.c:66:6:HAL_ADC_ConvCpltCallback	176	static
../Core/Src/main.c:105:5:main	8	static
../Core/Src/main.c:156:6:SystemClock_Config	88	static
../Core/Src/main.c:203:13:MX_ADC1_Init	24	static
../Core/Src/main.c:255:13:MX_TIM3_Init	32	static
../Core/Src/main.c:300:13:MX_USART2_UART_Init	8	static
../Core/Src/main.c:331:13:MX_DMA_Init	16	static
../Core/Src/main.c:349:13:MX_GPIO_Init	48	static
../Core/Src/main.c:389:6:Error_Handler	4	static,ignoring_inline_asm
