../Core/Src/main.c:71:6:HAL_TIM_PeriodElapsedCallback	16	static
../Core/Src/main.c:107:6:HAL_SPI_TxCpltCallback	16	static
../Core/Src/main.c:117:5:main	8	static
../Core/Src/main.c:167:6:SystemClock_Config	88	static
../Core/Src/main.c:214:13:MX_SPI1_Init	8	static
../Core/Src/main.c:252:13:MX_TIM1_Init	32	static
../Core/Src/main.c:298:13:MX_TIM2_Init	32	static
../Core/Src/main.c:343:13:MX_TIM3_Init	32	static
../Core/Src/main.c:388:13:MX_USART2_UART_Init	8	static
../Core/Src/main.c:419:13:MX_DMA_Init	16	static
../Core/Src/main.c:437:13:MX_GPIO_Init	48	static
../Core/Src/main.c:477:6:Error_Handler	4	static,ignoring_inline_asm
