../Core/Src/main.c:86:6:HAL_TIM_PeriodElapsedCallback	32	static
../Core/Src/main.c:165:5:main	8	static
../Core/Src/main.c:229:6:SystemClock_Config	88	static
../Core/Src/main.c:276:13:MX_TIM1_Init	32	static
../Core/Src/main.c:322:13:MX_TIM2_Init	64	static
../Core/Src/main.c:381:13:MX_TIM3_Init	32	static
../Core/Src/main.c:426:13:MX_USART2_UART_Init	8	static
../Core/Src/main.c:459:13:MX_GPIO_Init	48	static
../Core/Src/main.c:502:6:init_queue	16	static
../Core/Src/main.c:507:5:isFull	16	static
../Core/Src/main.c:511:5:isEmpty	16	static
../Core/Src/main.c:515:5:enqueue	16	static
../Core/Src/main.c:524:9:dequeue	24	static
../Core/Src/main.c:534:10:front	16	static
../Core/Src/main.c:540:6:transmit	16	static
../Core/Src/main.c:553:6:Error_Handler	4	static,ignoring_inline_asm
