../Core/Src/main.c:212:6:HAL_UART_RxCpltCallback	16	static
../Core/Src/main.c:224:6:HAL_TIM_PeriodElapsedCallback	32	static
../Core/Src/main.c:313:6:HAL_SPI_TxCpltCallback	16	static
../Core/Src/main.c:323:5:main	8	static
../Core/Src/main.c:379:6:SystemClock_Config	88	static
../Core/Src/main.c:426:13:MX_SPI1_Init	8	static
../Core/Src/main.c:464:13:MX_TIM1_Init	32	static
../Core/Src/main.c:510:13:MX_TIM2_Init	64	static
../Core/Src/main.c:569:13:MX_TIM3_Init	32	static
../Core/Src/main.c:614:13:MX_TIM10_Init	8	static
../Core/Src/main.c:645:13:MX_TIM11_Init	8	static
../Core/Src/main.c:676:13:MX_USART1_UART_Init	8	static
../Core/Src/main.c:709:13:MX_USART2_UART_Init	8	static
../Core/Src/main.c:740:13:MX_DMA_Init	16	static
../Core/Src/main.c:758:13:MX_GPIO_Init	48	static
../Core/Src/main.c:801:6:init_queue	16	static
../Core/Src/main.c:806:5:isFull	16	static
../Core/Src/main.c:810:5:isEmpty	16	static
../Core/Src/main.c:814:5:enqueue	16	static
../Core/Src/main.c:823:9:dequeue	24	static
../Core/Src/main.c:833:10:front	16	static
../Core/Src/main.c:838:9:char_to_ind	16	static
../Core/Src/main.c:849:6:transmit	16	static
../Core/Src/main.c:862:6:Error_Handler	4	static,ignoring_inline_asm
